2026-04-27 19:22:13 [INFO] 用户登录成功，ID=1001
2026-04-27 19:22:13 [WARN] 库存不足，商品ID=2001
2026-04-27 19:22:13 [ERROR] 数据库连接失败
2026-04-27 19:22:13 [ERROR] 计算异常 | java.lang.ArithmeticException: / by zero
    at com.klei.xianyuMarket.utils.LogUtil.main(LogUtil.java:111)
2026-04-27 19:22:13 [INFO] 线程10写入测试
2026-04-27 19:22:13 [INFO] 线程18写入测试
2026-04-27 19:22:13 [INFO] 线程7写入测试
2026-04-27 19:22:13 [INFO] 线程12写入测试
2026-04-27 19:22:13 [INFO] 线程0写入测试
2026-04-27 19:22:13 [INFO] 线程8写入测试
2026-04-27 19:22:13 [INFO] 线程1写入测试
2026-04-27 19:22:13 [INFO] 线程16写入测试
2026-04-27 19:22:13 [INFO] 线程17写入测试
2026-04-27 19:22:13 [INFO] 线程11写入测试
2026-04-27 19:22:13 [INFO] 线程6写入测试
2026-04-27 19:22:13 [INFO] 线程13写入测试
2026-04-27 19:22:13 [INFO] 线程19写入测试
2026-04-27 19:22:13 [INFO] 线程9写入测试
2026-04-27 19:22:13 [INFO] 线程15写入测试
2026-04-27 19:22:13 [INFO] 线程2写入测试
2026-04-27 19:22:13 [INFO] 线程5写入测试
2026-04-27 19:22:13 [INFO] 线程3写入测试
2026-04-27 19:22:13 [INFO] 线程14写入测试
2026-04-27 19:22:13 [INFO] 线程4写入测试
